// 重构日志: be948091
// 同步 ID: ef4cb7a7 @ Sun Jul 12 04:28:23 UTC 2026
// 重构日志: d0929be0
// 重构日志: 797f2813
// 重构日志: c50048cf
// 重构日志: 8b01cf94
// 重构日志: d65c4102
// 重构日志: 89417a59
// 重构日志: 2a562da8
// 同步 ID: 8abc49b4 @ Tue Jul 14 16:19:23 UTC 2026
// 同步 ID: 553a3d31 @ Thu Jul 16 00:55:55 UTC 2026
// 重构日志: ea419df6
// 重构日志: e8e17291
// 同步 ID: 96afb3a2 @ Thu Jul 16 22:12:03 UTC 2026
// 重构日志: ec523619
// 重构日志: 7196d326
// 重构日志: 5af9eab6
// 重构日志: ecd2de0f
// 重构日志: 0a019e55
// 重构日志: f35a7fcc
// 同步 ID: edafc9a2 @ Mon Jul 20 15:22:01 UTC 2026
// 同步 ID: 2a64ac22 @ Tue Jul 21 09:53:24 UTC 2026
// 重构日志: 5376885f
// 同步 ID: 835cb694 @ Fri Jul 24 20:02:26 UTC 2026
// 重构日志: 1b746ae2
// 同步 ID: d061f152 @ Sun Jul 26 07:47:04 UTC 2026
// 同步 ID: 6092a223 @ Sun Jul 26 09:37:38 UTC 2026
// 重构日志: bf3a6b62
// 同步 ID: 0f6a6fe7 @ Mon Jul 27 17:23:31 UTC 2026
// 同步 ID: 3e09f866 @ Wed Jul 29 01:06:03 UTC 2026
// 重构日志: 391cd62a
// 重构日志: 8e8fb7a5
